// Vitest Snapshot v1, https://vitest.dev/guide/snapshot.html

exports[`workspace primitives (shadcn-port-workspace D1) > existing Button variants keep their exact class lists 1`] = `
{
  "default/default": "inline-flex shrink-0 cursor-pointer items-center justify-center gap-[0.4rem] whitespace-nowrap rounded-ctl border font-ui text-[0.8125rem] font-semibold leading-none no-underline outline-none transition-[border-color,background-color,box-shadow,color] duration-150 focus-visible:ring-[3px] focus-visible:ring-ring/50 disabled:pointer-events-none disabled:border-border disabled:bg-secondary disabled:text-muted-foreground disabled:opacity-45 aria-invalid:border-destructive aria-invalid:ring-destructive/40 [&_svg]:pointer-events-none [&_svg]:shrink-0 [&_svg:not([class*='size-'])]:size-4 border-(--si-primary-line) bg-(--si-primary-tint) text-foreground not-disabled:hover:border-primary h-(--h-ctl) px-[0.9rem] has-[>svg]:px-3",
  "default/icon": "inline-flex shrink-0 cursor-pointer items-center justify-center gap-[0.4rem] whitespace-nowrap rounded-ctl border font-ui text-[0.8125rem] font-semibold leading-none no-underline outline-none transition-[border-color,background-color,box-shadow,color] duration-150 focus-visible:ring-[3px] focus-visible:ring-ring/50 disabled:pointer-events-none disabled:border-border disabled:bg-secondary disabled:text-muted-foreground disabled:opacity-45 aria-invalid:border-destructive aria-invalid:ring-destructive/40 [&_svg]:pointer-events-none [&_svg]:shrink-0 [&_svg:not([class*='size-'])]:size-4 border-(--si-primary-line) bg-(--si-primary-tint) text-foreground not-disabled:hover:border-primary size-(--h-ctl)",
  "default/icon-lg": "inline-flex shrink-0 cursor-pointer items-center justify-center gap-[0.4rem] whitespace-nowrap rounded-ctl border font-ui text-[0.8125rem] font-semibold leading-none no-underline outline-none transition-[border-color,background-color,box-shadow,color] duration-150 focus-visible:ring-[3px] focus-visible:ring-ring/50 disabled:pointer-events-none disabled:border-border disabled:bg-secondary disabled:text-muted-foreground disabled:opacity-45 aria-invalid:border-destructive aria-invalid:ring-destructive/40 [&_svg]:pointer-events-none [&_svg]:shrink-0 [&_svg:not([class*='size-'])]:size-4 border-(--si-primary-line) bg-(--si-primary-tint) text-foreground not-disabled:hover:border-primary size-10",
  "default/icon-sm": "inline-flex shrink-0 cursor-pointer items-center justify-center gap-[0.4rem] whitespace-nowrap rounded-ctl border font-ui text-[0.8125rem] font-semibold leading-none no-underline outline-none transition-[border-color,background-color,box-shadow,color] duration-150 focus-visible:ring-[3px] focus-visible:ring-ring/50 disabled:pointer-events-none disabled:border-border disabled:bg-secondary disabled:text-muted-foreground disabled:opacity-45 aria-invalid:border-destructive aria-invalid:ring-destructive/40 [&_svg]:pointer-events-none [&_svg]:shrink-0 [&_svg:not([class*='size-'])]:size-4 border-(--si-primary-line) bg-(--si-primary-tint) text-foreground not-disabled:hover:border-primary size-(--h-sm)",
  "default/icon-xs": "inline-flex shrink-0 cursor-pointer items-center justify-center gap-[0.4rem] whitespace-nowrap rounded-ctl border font-ui text-[0.8125rem] font-semibold leading-none no-underline outline-none transition-[border-color,background-color,box-shadow,color] duration-150 focus-visible:ring-[3px] focus-visible:ring-ring/50 disabled:pointer-events-none disabled:border-border disabled:bg-secondary disabled:text-muted-foreground disabled:opacity-45 aria-invalid:border-destructive aria-invalid:ring-destructive/40 [&_svg]:pointer-events-none [&_svg]:shrink-0 [&_svg:not([class*='size-'])]:size-4 border-(--si-primary-line) bg-(--si-primary-tint) text-foreground not-disabled:hover:border-primary size-6 [&_svg:not([class*='size-'])]:size-3",
  "default/lg": "inline-flex shrink-0 cursor-pointer items-center justify-center gap-[0.4rem] whitespace-nowrap rounded-ctl border font-ui text-[0.8125rem] font-semibold leading-none no-underline outline-none transition-[border-color,background-color,box-shadow,color] duration-150 focus-visible:ring-[3px] focus-visible:ring-ring/50 disabled:pointer-events-none disabled:border-border disabled:bg-secondary disabled:text-muted-foreground disabled:opacity-45 aria-invalid:border-destructive aria-invalid:ring-destructive/40 [&_svg]:pointer-events-none [&_svg]:shrink-0 [&_svg:not([class*='size-'])]:size-4 border-(--si-primary-line) bg-(--si-primary-tint) text-foreground not-disabled:hover:border-primary h-10 px-5 has-[>svg]:px-4",
  "default/sm": "inline-flex shrink-0 cursor-pointer items-center justify-center gap-[0.4rem] whitespace-nowrap rounded-ctl border font-ui text-[0.8125rem] font-semibold leading-none no-underline outline-none transition-[border-color,background-color,box-shadow,color] duration-150 focus-visible:ring-[3px] focus-visible:ring-ring/50 disabled:pointer-events-none disabled:border-border disabled:bg-secondary disabled:text-muted-foreground disabled:opacity-45 aria-invalid:border-destructive aria-invalid:ring-destructive/40 [&_svg]:pointer-events-none [&_svg]:shrink-0 [&_svg:not([class*='size-'])]:size-4 border-(--si-primary-line) bg-(--si-primary-tint) text-foreground not-disabled:hover:border-primary h-(--h-sm) gap-1.5 px-3 has-[>svg]:px-2.5",
  "default/xs": "inline-flex shrink-0 cursor-pointer items-center justify-center gap-[0.4rem] whitespace-nowrap rounded-ctl border font-ui text-[0.8125rem] font-semibold leading-none no-underline outline-none transition-[border-color,background-color,box-shadow,color] duration-150 focus-visible:ring-[3px] focus-visible:ring-ring/50 disabled:pointer-events-none disabled:border-border disabled:bg-secondary disabled:text-muted-foreground disabled:opacity-45 aria-invalid:border-destructive aria-invalid:ring-destructive/40 [&_svg]:pointer-events-none [&_svg]:shrink-0 [&_svg:not([class*='size-'])]:size-4 border-(--si-primary-line) bg-(--si-primary-tint) text-foreground not-disabled:hover:border-primary h-6 gap-1 px-2 text-[0.75rem] has-[>svg]:px-1.5 [&_svg:not([class*='size-'])]:size-3",
  "destructive/default": "inline-flex shrink-0 cursor-pointer items-center justify-center gap-[0.4rem] whitespace-nowrap rounded-ctl border font-ui text-[0.8125rem] font-semibold leading-none no-underline outline-none transition-[border-color,background-color,box-shadow,color] duration-150 focus-visible:ring-[3px] focus-visible:ring-ring/50 disabled:pointer-events-none disabled:border-border disabled:bg-secondary disabled:text-muted-foreground disabled:opacity-45 aria-invalid:border-destructive aria-invalid:ring-destructive/40 [&_svg]:pointer-events-none [&_svg]:shrink-0 [&_svg:not([class*='size-'])]:size-4 border-(--si-danger-line) bg-[color-mix(in_oklab,var(--si-danger)_8%,var(--si-panel-2))] text-(--si-danger) not-disabled:hover:border-[color-mix(in_oklab,var(--si-danger)_55%,var(--si-danger-line))] focus-visible:ring-destructive/40 h-(--h-ctl) px-[0.9rem] has-[>svg]:px-3",
  "destructive/icon": "inline-flex shrink-0 cursor-pointer items-center justify-center gap-[0.4rem] whitespace-nowrap rounded-ctl border font-ui text-[0.8125rem] font-semibold leading-none no-underline outline-none transition-[border-color,background-color,box-shadow,color] duration-150 focus-visible:ring-[3px] focus-visible:ring-ring/50 disabled:pointer-events-none disabled:border-border disabled:bg-secondary disabled:text-muted-foreground disabled:opacity-45 aria-invalid:border-destructive aria-invalid:ring-destructive/40 [&_svg]:pointer-events-none [&_svg]:shrink-0 [&_svg:not([class*='size-'])]:size-4 border-(--si-danger-line) bg-[color-mix(in_oklab,var(--si-danger)_8%,var(--si-panel-2))] text-(--si-danger) not-disabled:hover:border-[color-mix(in_oklab,var(--si-danger)_55%,var(--si-danger-line))] focus-visible:ring-destructive/40 size-(--h-ctl)",
  "destructive/icon-lg": "inline-flex shrink-0 cursor-pointer items-center justify-center gap-[0.4rem] whitespace-nowrap rounded-ctl border font-ui text-[0.8125rem] font-semibold leading-none no-underline outline-none transition-[border-color,background-color,box-shadow,color] duration-150 focus-visible:ring-[3px] focus-visible:ring-ring/50 disabled:pointer-events-none disabled:border-border disabled:bg-secondary disabled:text-muted-foreground disabled:opacity-45 aria-invalid:border-destructive aria-invalid:ring-destructive/40 [&_svg]:pointer-events-none [&_svg]:shrink-0 [&_svg:not([class*='size-'])]:size-4 border-(--si-danger-line) bg-[color-mix(in_oklab,var(--si-danger)_8%,var(--si-panel-2))] text-(--si-danger) not-disabled:hover:border-[color-mix(in_oklab,var(--si-danger)_55%,var(--si-danger-line))] focus-visible:ring-destructive/40 size-10",
  "destructive/icon-sm": "inline-flex shrink-0 cursor-pointer items-center justify-center gap-[0.4rem] whitespace-nowrap rounded-ctl border font-ui text-[0.8125rem] font-semibold leading-none no-underline outline-none transition-[border-color,background-color,box-shadow,color] duration-150 focus-visible:ring-[3px] focus-visible:ring-ring/50 disabled:pointer-events-none disabled:border-border disabled:bg-secondary disabled:text-muted-foreground disabled:opacity-45 aria-invalid:border-destructive aria-invalid:ring-destructive/40 [&_svg]:pointer-events-none [&_svg]:shrink-0 [&_svg:not([class*='size-'])]:size-4 border-(--si-danger-line) bg-[color-mix(in_oklab,var(--si-danger)_8%,var(--si-panel-2))] text-(--si-danger) not-disabled:hover:border-[color-mix(in_oklab,var(--si-danger)_55%,var(--si-danger-line))] focus-visible:ring-destructive/40 size-(--h-sm)",
  "destructive/icon-xs": "inline-flex shrink-0 cursor-pointer items-center justify-center gap-[0.4rem] whitespace-nowrap rounded-ctl border font-ui text-[0.8125rem] font-semibold leading-none no-underline outline-none transition-[border-color,background-color,box-shadow,color] duration-150 focus-visible:ring-[3px] focus-visible:ring-ring/50 disabled:pointer-events-none disabled:border-border disabled:bg-secondary disabled:text-muted-foreground disabled:opacity-45 aria-invalid:border-destructive aria-invalid:ring-destructive/40 [&_svg]:pointer-events-none [&_svg]:shrink-0 [&_svg:not([class*='size-'])]:size-4 border-(--si-danger-line) bg-[color-mix(in_oklab,var(--si-danger)_8%,var(--si-panel-2))] text-(--si-danger) not-disabled:hover:border-[color-mix(in_oklab,var(--si-danger)_55%,var(--si-danger-line))] focus-visible:ring-destructive/40 size-6 [&_svg:not([class*='size-'])]:size-3",
  "destructive/lg": "inline-flex shrink-0 cursor-pointer items-center justify-center gap-[0.4rem] whitespace-nowrap rounded-ctl border font-ui text-[0.8125rem] font-semibold leading-none no-underline outline-none transition-[border-color,background-color,box-shadow,color] duration-150 focus-visible:ring-[3px] focus-visible:ring-ring/50 disabled:pointer-events-none disabled:border-border disabled:bg-secondary disabled:text-muted-foreground disabled:opacity-45 aria-invalid:border-destructive aria-invalid:ring-destructive/40 [&_svg]:pointer-events-none [&_svg]:shrink-0 [&_svg:not([class*='size-'])]:size-4 border-(--si-danger-line) bg-[color-mix(in_oklab,var(--si-danger)_8%,var(--si-panel-2))] text-(--si-danger) not-disabled:hover:border-[color-mix(in_oklab,var(--si-danger)_55%,var(--si-danger-line))] focus-visible:ring-destructive/40 h-10 px-5 has-[>svg]:px-4",
  "destructive/sm": "inline-flex shrink-0 cursor-pointer items-center justify-center gap-[0.4rem] whitespace-nowrap rounded-ctl border font-ui text-[0.8125rem] font-semibold leading-none no-underline outline-none transition-[border-color,background-color,box-shadow,color] duration-150 focus-visible:ring-[3px] focus-visible:ring-ring/50 disabled:pointer-events-none disabled:border-border disabled:bg-secondary disabled:text-muted-foreground disabled:opacity-45 aria-invalid:border-destructive aria-invalid:ring-destructive/40 [&_svg]:pointer-events-none [&_svg]:shrink-0 [&_svg:not([class*='size-'])]:size-4 border-(--si-danger-line) bg-[color-mix(in_oklab,var(--si-danger)_8%,var(--si-panel-2))] text-(--si-danger) not-disabled:hover:border-[color-mix(in_oklab,var(--si-danger)_55%,var(--si-danger-line))] focus-visible:ring-destructive/40 h-(--h-sm) gap-1.5 px-3 has-[>svg]:px-2.5",
  "destructive/xs": "inline-flex shrink-0 cursor-pointer items-center justify-center gap-[0.4rem] whitespace-nowrap rounded-ctl border font-ui text-[0.8125rem] font-semibold leading-none no-underline outline-none transition-[border-color,background-color,box-shadow,color] duration-150 focus-visible:ring-[3px] focus-visible:ring-ring/50 disabled:pointer-events-none disabled:border-border disabled:bg-secondary disabled:text-muted-foreground disabled:opacity-45 aria-invalid:border-destructive aria-invalid:ring-destructive/40 [&_svg]:pointer-events-none [&_svg]:shrink-0 [&_svg:not([class*='size-'])]:size-4 border-(--si-danger-line) bg-[color-mix(in_oklab,var(--si-danger)_8%,var(--si-panel-2))] text-(--si-danger) not-disabled:hover:border-[color-mix(in_oklab,var(--si-danger)_55%,var(--si-danger-line))] focus-visible:ring-destructive/40 h-6 gap-1 px-2 text-[0.75rem] has-[>svg]:px-1.5 [&_svg:not([class*='size-'])]:size-3",
  "ghost/default": "inline-flex shrink-0 cursor-pointer items-center justify-center gap-[0.4rem] whitespace-nowrap rounded-ctl border font-ui text-[0.8125rem] font-semibold leading-none no-underline outline-none transition-[border-color,background-color,box-shadow,color] duration-150 focus-visible:ring-[3px] focus-visible:ring-ring/50 disabled:pointer-events-none disabled:border-border disabled:bg-secondary disabled:text-muted-foreground disabled:opacity-45 aria-invalid:border-destructive aria-invalid:ring-destructive/40 [&_svg]:pointer-events-none [&_svg]:shrink-0 [&_svg:not([class*='size-'])]:size-4 border-transparent bg-transparent text-foreground not-disabled:hover:bg-accent not-disabled:hover:text-accent-foreground disabled:bg-transparent disabled:border-transparent h-(--h-ctl) px-[0.9rem] has-[>svg]:px-3",
  "ghost/icon": "inline-flex shrink-0 cursor-pointer items-center justify-center gap-[0.4rem] whitespace-nowrap rounded-ctl border font-ui text-[0.8125rem] font-semibold leading-none no-underline outline-none transition-[border-color,background-color,box-shadow,color] duration-150 focus-visible:ring-[3px] focus-visible:ring-ring/50 disabled:pointer-events-none disabled:border-border disabled:bg-secondary disabled:text-muted-foreground disabled:opacity-45 aria-invalid:border-destructive aria-invalid:ring-destructive/40 [&_svg]:pointer-events-none [&_svg]:shrink-0 [&_svg:not([class*='size-'])]:size-4 border-transparent bg-transparent text-foreground not-disabled:hover:bg-accent not-disabled:hover:text-accent-foreground disabled:bg-transparent disabled:border-transparent size-(--h-ctl)",
  "ghost/icon-lg": "inline-flex shrink-0 cursor-pointer items-center justify-center gap-[0.4rem] whitespace-nowrap rounded-ctl border font-ui text-[0.8125rem] font-semibold leading-none no-underline outline-none transition-[border-color,background-color,box-shadow,color] duration-150 focus-visible:ring-[3px] focus-visible:ring-ring/50 disabled:pointer-events-none disabled:border-border disabled:bg-secondary disabled:text-muted-foreground disabled:opacity-45 aria-invalid:border-destructive aria-invalid:ring-destructive/40 [&_svg]:pointer-events-none [&_svg]:shrink-0 [&_svg:not([class*='size-'])]:size-4 border-transparent bg-transparent text-foreground not-disabled:hover:bg-accent not-disabled:hover:text-accent-foreground disabled:bg-transparent disabled:border-transparent size-10",
  "ghost/icon-sm": "inline-flex shrink-0 cursor-pointer items-center justify-center gap-[0.4rem] whitespace-nowrap rounded-ctl border font-ui text-[0.8125rem] font-semibold leading-none no-underline outline-none transition-[border-color,background-color,box-shadow,color] duration-150 focus-visible:ring-[3px] focus-visible:ring-ring/50 disabled:pointer-events-none disabled:border-border disabled:bg-secondary disabled:text-muted-foreground disabled:opacity-45 aria-invalid:border-destructive aria-invalid:ring-destructive/40 [&_svg]:pointer-events-none [&_svg]:shrink-0 [&_svg:not([class*='size-'])]:size-4 border-transparent bg-transparent text-foreground not-disabled:hover:bg-accent not-disabled:hover:text-accent-foreground disabled:bg-transparent disabled:border-transparent size-(--h-sm)",
  "ghost/icon-xs": "inline-flex shrink-0 cursor-pointer items-center justify-center gap-[0.4rem] whitespace-nowrap rounded-ctl border font-ui text-[0.8125rem] font-semibold leading-none no-underline outline-none transition-[border-color,background-color,box-shadow,color] duration-150 focus-visible:ring-[3px] focus-visible:ring-ring/50 disabled:pointer-events-none disabled:border-border disabled:bg-secondary disabled:text-muted-foreground disabled:opacity-45 aria-invalid:border-destructive aria-invalid:ring-destructive/40 [&_svg]:pointer-events-none [&_svg]:shrink-0 [&_svg:not([class*='size-'])]:size-4 border-transparent bg-transparent text-foreground not-disabled:hover:bg-accent not-disabled:hover:text-accent-foreground disabled:bg-transparent disabled:border-transparent size-6 [&_svg:not([class*='size-'])]:size-3",
  "ghost/lg": "inline-flex shrink-0 cursor-pointer items-center justify-center gap-[0.4rem] whitespace-nowrap rounded-ctl border font-ui text-[0.8125rem] font-semibold leading-none no-underline outline-none transition-[border-color,background-color,box-shadow,color] duration-150 focus-visible:ring-[3px] focus-visible:ring-ring/50 disabled:pointer-events-none disabled:border-border disabled:bg-secondary disabled:text-muted-foreground disabled:opacity-45 aria-invalid:border-destructive aria-invalid:ring-destructive/40 [&_svg]:pointer-events-none [&_svg]:shrink-0 [&_svg:not([class*='size-'])]:size-4 border-transparent bg-transparent text-foreground not-disabled:hover:bg-accent not-disabled:hover:text-accent-foreground disabled:bg-transparent disabled:border-transparent h-10 px-5 has-[>svg]:px-4",
  "ghost/sm": "inline-flex shrink-0 cursor-pointer items-center justify-center gap-[0.4rem] whitespace-nowrap rounded-ctl border font-ui text-[0.8125rem] font-semibold leading-none no-underline outline-none transition-[border-color,background-color,box-shadow,color] duration-150 focus-visible:ring-[3px] focus-visible:ring-ring/50 disabled:pointer-events-none disabled:border-border disabled:bg-secondary disabled:text-muted-foreground disabled:opacity-45 aria-invalid:border-destructive aria-invalid:ring-destructive/40 [&_svg]:pointer-events-none [&_svg]:shrink-0 [&_svg:not([class*='size-'])]:size-4 border-transparent bg-transparent text-foreground not-disabled:hover:bg-accent not-disabled:hover:text-accent-foreground disabled:bg-transparent disabled:border-transparent h-(--h-sm) gap-1.5 px-3 has-[>svg]:px-2.5",
  "ghost/xs": "inline-flex shrink-0 cursor-pointer items-center justify-center gap-[0.4rem] whitespace-nowrap rounded-ctl border font-ui text-[0.8125rem] font-semibold leading-none no-underline outline-none transition-[border-color,background-color,box-shadow,color] duration-150 focus-visible:ring-[3px] focus-visible:ring-ring/50 disabled:pointer-events-none disabled:border-border disabled:bg-secondary disabled:text-muted-foreground disabled:opacity-45 aria-invalid:border-destructive aria-invalid:ring-destructive/40 [&_svg]:pointer-events-none [&_svg]:shrink-0 [&_svg:not([class*='size-'])]:size-4 border-transparent bg-transparent text-foreground not-disabled:hover:bg-accent not-disabled:hover:text-accent-foreground disabled:bg-transparent disabled:border-transparent h-6 gap-1 px-2 text-[0.75rem] has-[>svg]:px-1.5 [&_svg:not([class*='size-'])]:size-3",
  "link/default": "inline-flex shrink-0 cursor-pointer items-center justify-center gap-[0.4rem] whitespace-nowrap rounded-ctl border font-ui text-[0.8125rem] font-semibold leading-none no-underline outline-none transition-[border-color,background-color,box-shadow,color] duration-150 focus-visible:ring-[3px] focus-visible:ring-ring/50 disabled:pointer-events-none disabled:border-border disabled:bg-secondary disabled:text-muted-foreground disabled:opacity-45 aria-invalid:border-destructive aria-invalid:ring-destructive/40 [&_svg]:pointer-events-none [&_svg]:shrink-0 [&_svg:not([class*='size-'])]:size-4 border-transparent bg-transparent text-primary underline-offset-4 not-disabled:hover:underline disabled:bg-transparent disabled:border-transparent h-(--h-ctl) px-[0.9rem] has-[>svg]:px-3",
  "link/icon": "inline-flex shrink-0 cursor-pointer items-center justify-center gap-[0.4rem] whitespace-nowrap rounded-ctl border font-ui text-[0.8125rem] font-semibold leading-none no-underline outline-none transition-[border-color,background-color,box-shadow,color] duration-150 focus-visible:ring-[3px] focus-visible:ring-ring/50 disabled:pointer-events-none disabled:border-border disabled:bg-secondary disabled:text-muted-foreground disabled:opacity-45 aria-invalid:border-destructive aria-invalid:ring-destructive/40 [&_svg]:pointer-events-none [&_svg]:shrink-0 [&_svg:not([class*='size-'])]:size-4 border-transparent bg-transparent text-primary underline-offset-4 not-disabled:hover:underline disabled:bg-transparent disabled:border-transparent size-(--h-ctl)",
  "link/icon-lg": "inline-flex shrink-0 cursor-pointer items-center justify-center gap-[0.4rem] whitespace-nowrap rounded-ctl border font-ui text-[0.8125rem] font-semibold leading-none no-underline outline-none transition-[border-color,background-color,box-shadow,color] duration-150 focus-visible:ring-[3px] focus-visible:ring-ring/50 disabled:pointer-events-none disabled:border-border disabled:bg-secondary disabled:text-muted-foreground disabled:opacity-45 aria-invalid:border-destructive aria-invalid:ring-destructive/40 [&_svg]:pointer-events-none [&_svg]:shrink-0 [&_svg:not([class*='size-'])]:size-4 border-transparent bg-transparent text-primary underline-offset-4 not-disabled:hover:underline disabled:bg-transparent disabled:border-transparent size-10",
  "link/icon-sm": "inline-flex shrink-0 cursor-pointer items-center justify-center gap-[0.4rem] whitespace-nowrap rounded-ctl border font-ui text-[0.8125rem] font-semibold leading-none no-underline outline-none transition-[border-color,background-color,box-shadow,color] duration-150 focus-visible:ring-[3px] focus-visible:ring-ring/50 disabled:pointer-events-none disabled:border-border disabled:bg-secondary disabled:text-muted-foreground disabled:opacity-45 aria-invalid:border-destructive aria-invalid:ring-destructive/40 [&_svg]:pointer-events-none [&_svg]:shrink-0 [&_svg:not([class*='size-'])]:size-4 border-transparent bg-transparent text-primary underline-offset-4 not-disabled:hover:underline disabled:bg-transparent disabled:border-transparent size-(--h-sm)",
  "link/icon-xs": "inline-flex shrink-0 cursor-pointer items-center justify-center gap-[0.4rem] whitespace-nowrap rounded-ctl border font-ui text-[0.8125rem] font-semibold leading-none no-underline outline-none transition-[border-color,background-color,box-shadow,color] duration-150 focus-visible:ring-[3px] focus-visible:ring-ring/50 disabled:pointer-events-none disabled:border-border disabled:bg-secondary disabled:text-muted-foreground disabled:opacity-45 aria-invalid:border-destructive aria-invalid:ring-destructive/40 [&_svg]:pointer-events-none [&_svg]:shrink-0 [&_svg:not([class*='size-'])]:size-4 border-transparent bg-transparent text-primary underline-offset-4 not-disabled:hover:underline disabled:bg-transparent disabled:border-transparent size-6 [&_svg:not([class*='size-'])]:size-3",
  "link/lg": "inline-flex shrink-0 cursor-pointer items-center justify-center gap-[0.4rem] whitespace-nowrap rounded-ctl border font-ui text-[0.8125rem] font-semibold leading-none no-underline outline-none transition-[border-color,background-color,box-shadow,color] duration-150 focus-visible:ring-[3px] focus-visible:ring-ring/50 disabled:pointer-events-none disabled:border-border disabled:bg-secondary disabled:text-muted-foreground disabled:opacity-45 aria-invalid:border-destructive aria-invalid:ring-destructive/40 [&_svg]:pointer-events-none [&_svg]:shrink-0 [&_svg:not([class*='size-'])]:size-4 border-transparent bg-transparent text-primary underline-offset-4 not-disabled:hover:underline disabled:bg-transparent disabled:border-transparent h-10 px-5 has-[>svg]:px-4",
  "link/sm": "inline-flex shrink-0 cursor-pointer items-center justify-center gap-[0.4rem] whitespace-nowrap rounded-ctl border font-ui text-[0.8125rem] font-semibold leading-none no-underline outline-none transition-[border-color,background-color,box-shadow,color] duration-150 focus-visible:ring-[3px] focus-visible:ring-ring/50 disabled:pointer-events-none disabled:border-border disabled:bg-secondary disabled:text-muted-foreground disabled:opacity-45 aria-invalid:border-destructive aria-invalid:ring-destructive/40 [&_svg]:pointer-events-none [&_svg]:shrink-0 [&_svg:not([class*='size-'])]:size-4 border-transparent bg-transparent text-primary underline-offset-4 not-disabled:hover:underline disabled:bg-transparent disabled:border-transparent h-(--h-sm) gap-1.5 px-3 has-[>svg]:px-2.5",
  "link/xs": "inline-flex shrink-0 cursor-pointer items-center justify-center gap-[0.4rem] whitespace-nowrap rounded-ctl border font-ui text-[0.8125rem] font-semibold leading-none no-underline outline-none transition-[border-color,background-color,box-shadow,color] duration-150 focus-visible:ring-[3px] focus-visible:ring-ring/50 disabled:pointer-events-none disabled:border-border disabled:bg-secondary disabled:text-muted-foreground disabled:opacity-45 aria-invalid:border-destructive aria-invalid:ring-destructive/40 [&_svg]:pointer-events-none [&_svg]:shrink-0 [&_svg:not([class*='size-'])]:size-4 border-transparent bg-transparent text-primary underline-offset-4 not-disabled:hover:underline disabled:bg-transparent disabled:border-transparent h-6 gap-1 px-2 text-[0.75rem] has-[>svg]:px-1.5 [&_svg:not([class*='size-'])]:size-3",
  "outline/default": "inline-flex shrink-0 cursor-pointer items-center justify-center gap-[0.4rem] whitespace-nowrap rounded-ctl border font-ui text-[0.8125rem] font-semibold leading-none no-underline outline-none transition-[border-color,background-color,box-shadow,color] duration-150 focus-visible:ring-[3px] focus-visible:ring-ring/50 disabled:pointer-events-none disabled:border-border disabled:bg-secondary disabled:text-muted-foreground disabled:opacity-45 aria-invalid:border-destructive aria-invalid:ring-destructive/40 [&_svg]:pointer-events-none [&_svg]:shrink-0 [&_svg:not([class*='size-'])]:size-4 border-border bg-secondary text-secondary-foreground not-disabled:hover:border-[color-mix(in_oklab,var(--si-fg)_25%,var(--si-line))] not-disabled:hover:text-foreground h-(--h-ctl) px-[0.9rem] has-[>svg]:px-3",
  "outline/icon": "inline-flex shrink-0 cursor-pointer items-center justify-center gap-[0.4rem] whitespace-nowrap rounded-ctl border font-ui text-[0.8125rem] font-semibold leading-none no-underline outline-none transition-[border-color,background-color,box-shadow,color] duration-150 focus-visible:ring-[3px] focus-visible:ring-ring/50 disabled:pointer-events-none disabled:border-border disabled:bg-secondary disabled:text-muted-foreground disabled:opacity-45 aria-invalid:border-destructive aria-invalid:ring-destructive/40 [&_svg]:pointer-events-none [&_svg]:shrink-0 [&_svg:not([class*='size-'])]:size-4 border-border bg-secondary text-secondary-foreground not-disabled:hover:border-[color-mix(in_oklab,var(--si-fg)_25%,var(--si-line))] not-disabled:hover:text-foreground size-(--h-ctl)",
  "outline/icon-lg": "inline-flex shrink-0 cursor-pointer items-center justify-center gap-[0.4rem] whitespace-nowrap rounded-ctl border font-ui text-[0.8125rem] font-semibold leading-none no-underline outline-none transition-[border-color,background-color,box-shadow,color] duration-150 focus-visible:ring-[3px] focus-visible:ring-ring/50 disabled:pointer-events-none disabled:border-border disabled:bg-secondary disabled:text-muted-foreground disabled:opacity-45 aria-invalid:border-destructive aria-invalid:ring-destructive/40 [&_svg]:pointer-events-none [&_svg]:shrink-0 [&_svg:not([class*='size-'])]:size-4 border-border bg-secondary text-secondary-foreground not-disabled:hover:border-[color-mix(in_oklab,var(--si-fg)_25%,var(--si-line))] not-disabled:hover:text-foreground size-10",
  "outline/icon-sm": "inline-flex shrink-0 cursor-pointer items-center justify-center gap-[0.4rem] whitespace-nowrap rounded-ctl border font-ui text-[0.8125rem] font-semibold leading-none no-underline outline-none transition-[border-color,background-color,box-shadow,color] duration-150 focus-visible:ring-[3px] focus-visible:ring-ring/50 disabled:pointer-events-none disabled:border-border disabled:bg-secondary disabled:text-muted-foreground disabled:opacity-45 aria-invalid:border-destructive aria-invalid:ring-destructive/40 [&_svg]:pointer-events-none [&_svg]:shrink-0 [&_svg:not([class*='size-'])]:size-4 border-border bg-secondary text-secondary-foreground not-disabled:hover:border-[color-mix(in_oklab,var(--si-fg)_25%,var(--si-line))] not-disabled:hover:text-foreground size-(--h-sm)",
  "outline/icon-xs": "inline-flex shrink-0 cursor-pointer items-center justify-center gap-[0.4rem] whitespace-nowrap rounded-ctl border font-ui text-[0.8125rem] font-semibold leading-none no-underline outline-none transition-[border-color,background-color,box-shadow,color] duration-150 focus-visible:ring-[3px] focus-visible:ring-ring/50 disabled:pointer-events-none disabled:border-border disabled:bg-secondary disabled:text-muted-foreground disabled:opacity-45 aria-invalid:border-destructive aria-invalid:ring-destructive/40 [&_svg]:pointer-events-none [&_svg]:shrink-0 [&_svg:not([class*='size-'])]:size-4 border-border bg-secondary text-secondary-foreground not-disabled:hover:border-[color-mix(in_oklab,var(--si-fg)_25%,var(--si-line))] not-disabled:hover:text-foreground size-6 [&_svg:not([class*='size-'])]:size-3",
  "outline/lg": "inline-flex shrink-0 cursor-pointer items-center justify-center gap-[0.4rem] whitespace-nowrap rounded-ctl border font-ui text-[0.8125rem] font-semibold leading-none no-underline outline-none transition-[border-color,background-color,box-shadow,color] duration-150 focus-visible:ring-[3px] focus-visible:ring-ring/50 disabled:pointer-events-none disabled:border-border disabled:bg-secondary disabled:text-muted-foreground disabled:opacity-45 aria-invalid:border-destructive aria-invalid:ring-destructive/40 [&_svg]:pointer-events-none [&_svg]:shrink-0 [&_svg:not([class*='size-'])]:size-4 border-border bg-secondary text-secondary-foreground not-disabled:hover:border-[color-mix(in_oklab,var(--si-fg)_25%,var(--si-line))] not-disabled:hover:text-foreground h-10 px-5 has-[>svg]:px-4",
  "outline/sm": "inline-flex shrink-0 cursor-pointer items-center justify-center gap-[0.4rem] whitespace-nowrap rounded-ctl border font-ui text-[0.8125rem] font-semibold leading-none no-underline outline-none transition-[border-color,background-color,box-shadow,color] duration-150 focus-visible:ring-[3px] focus-visible:ring-ring/50 disabled:pointer-events-none disabled:border-border disabled:bg-secondary disabled:text-muted-foreground disabled:opacity-45 aria-invalid:border-destructive aria-invalid:ring-destructive/40 [&_svg]:pointer-events-none [&_svg]:shrink-0 [&_svg:not([class*='size-'])]:size-4 border-border bg-secondary text-secondary-foreground not-disabled:hover:border-[color-mix(in_oklab,var(--si-fg)_25%,var(--si-line))] not-disabled:hover:text-foreground h-(--h-sm) gap-1.5 px-3 has-[>svg]:px-2.5",
  "outline/xs": "inline-flex shrink-0 cursor-pointer items-center justify-center gap-[0.4rem] whitespace-nowrap rounded-ctl border font-ui text-[0.8125rem] font-semibold leading-none no-underline outline-none transition-[border-color,background-color,box-shadow,color] duration-150 focus-visible:ring-[3px] focus-visible:ring-ring/50 disabled:pointer-events-none disabled:border-border disabled:bg-secondary disabled:text-muted-foreground disabled:opacity-45 aria-invalid:border-destructive aria-invalid:ring-destructive/40 [&_svg]:pointer-events-none [&_svg]:shrink-0 [&_svg:not([class*='size-'])]:size-4 border-border bg-secondary text-secondary-foreground not-disabled:hover:border-[color-mix(in_oklab,var(--si-fg)_25%,var(--si-line))] not-disabled:hover:text-foreground h-6 gap-1 px-2 text-[0.75rem] has-[>svg]:px-1.5 [&_svg:not([class*='size-'])]:size-3",
  "secondary/default": "inline-flex shrink-0 cursor-pointer items-center justify-center gap-[0.4rem] whitespace-nowrap rounded-ctl border font-ui text-[0.8125rem] font-semibold leading-none no-underline outline-none transition-[border-color,background-color,box-shadow,color] duration-150 focus-visible:ring-[3px] focus-visible:ring-ring/50 disabled:pointer-events-none disabled:border-border disabled:bg-secondary disabled:text-muted-foreground disabled:opacity-45 aria-invalid:border-destructive aria-invalid:ring-destructive/40 [&_svg]:pointer-events-none [&_svg]:shrink-0 [&_svg:not([class*='size-'])]:size-4 border-border bg-secondary text-secondary-foreground not-disabled:hover:border-[color-mix(in_oklab,var(--si-fg)_25%,var(--si-line))] not-disabled:hover:text-foreground h-(--h-ctl) px-[0.9rem] has-[>svg]:px-3",
  "secondary/icon": "inline-flex shrink-0 cursor-pointer items-center justify-center gap-[0.4rem] whitespace-nowrap rounded-ctl border font-ui text-[0.8125rem] font-semibold leading-none no-underline outline-none transition-[border-color,background-color,box-shadow,color] duration-150 focus-visible:ring-[3px] focus-visible:ring-ring/50 disabled:pointer-events-none disabled:border-border disabled:bg-secondary disabled:text-muted-foreground disabled:opacity-45 aria-invalid:border-destructive aria-invalid:ring-destructive/40 [&_svg]:pointer-events-none [&_svg]:shrink-0 [&_svg:not([class*='size-'])]:size-4 border-border bg-secondary text-secondary-foreground not-disabled:hover:border-[color-mix(in_oklab,var(--si-fg)_25%,var(--si-line))] not-disabled:hover:text-foreground size-(--h-ctl)",
  "secondary/icon-lg": "inline-flex shrink-0 cursor-pointer items-center justify-center gap-[0.4rem] whitespace-nowrap rounded-ctl border font-ui text-[0.8125rem] font-semibold leading-none no-underline outline-none transition-[border-color,background-color,box-shadow,color] duration-150 focus-visible:ring-[3px] focus-visible:ring-ring/50 disabled:pointer-events-none disabled:border-border disabled:bg-secondary disabled:text-muted-foreground disabled:opacity-45 aria-invalid:border-destructive aria-invalid:ring-destructive/40 [&_svg]:pointer-events-none [&_svg]:shrink-0 [&_svg:not([class*='size-'])]:size-4 border-border bg-secondary text-secondary-foreground not-disabled:hover:border-[color-mix(in_oklab,var(--si-fg)_25%,var(--si-line))] not-disabled:hover:text-foreground size-10",
  "secondary/icon-sm": "inline-flex shrink-0 cursor-pointer items-center justify-center gap-[0.4rem] whitespace-nowrap rounded-ctl border font-ui text-[0.8125rem] font-semibold leading-none no-underline outline-none transition-[border-color,background-color,box-shadow,color] duration-150 focus-visible:ring-[3px] focus-visible:ring-ring/50 disabled:pointer-events-none disabled:border-border disabled:bg-secondary disabled:text-muted-foreground disabled:opacity-45 aria-invalid:border-destructive aria-invalid:ring-destructive/40 [&_svg]:pointer-events-none [&_svg]:shrink-0 [&_svg:not([class*='size-'])]:size-4 border-border bg-secondary text-secondary-foreground not-disabled:hover:border-[color-mix(in_oklab,var(--si-fg)_25%,var(--si-line))] not-disabled:hover:text-foreground size-(--h-sm)",
  "secondary/icon-xs": "inline-flex shrink-0 cursor-pointer items-center justify-center gap-[0.4rem] whitespace-nowrap rounded-ctl border font-ui text-[0.8125rem] font-semibold leading-none no-underline outline-none transition-[border-color,background-color,box-shadow,color] duration-150 focus-visible:ring-[3px] focus-visible:ring-ring/50 disabled:pointer-events-none disabled:border-border disabled:bg-secondary disabled:text-muted-foreground disabled:opacity-45 aria-invalid:border-destructive aria-invalid:ring-destructive/40 [&_svg]:pointer-events-none [&_svg]:shrink-0 [&_svg:not([class*='size-'])]:size-4 border-border bg-secondary text-secondary-foreground not-disabled:hover:border-[color-mix(in_oklab,var(--si-fg)_25%,var(--si-line))] not-disabled:hover:text-foreground size-6 [&_svg:not([class*='size-'])]:size-3",
  "secondary/lg": "inline-flex shrink-0 cursor-pointer items-center justify-center gap-[0.4rem] whitespace-nowrap rounded-ctl border font-ui text-[0.8125rem] font-semibold leading-none no-underline outline-none transition-[border-color,background-color,box-shadow,color] duration-150 focus-visible:ring-[3px] focus-visible:ring-ring/50 disabled:pointer-events-none disabled:border-border disabled:bg-secondary disabled:text-muted-foreground disabled:opacity-45 aria-invalid:border-destructive aria-invalid:ring-destructive/40 [&_svg]:pointer-events-none [&_svg]:shrink-0 [&_svg:not([class*='size-'])]:size-4 border-border bg-secondary text-secondary-foreground not-disabled:hover:border-[color-mix(in_oklab,var(--si-fg)_25%,var(--si-line))] not-disabled:hover:text-foreground h-10 px-5 has-[>svg]:px-4",
  "secondary/sm": "inline-flex shrink-0 cursor-pointer items-center justify-center gap-[0.4rem] whitespace-nowrap rounded-ctl border font-ui text-[0.8125rem] font-semibold leading-none no-underline outline-none transition-[border-color,background-color,box-shadow,color] duration-150 focus-visible:ring-[3px] focus-visible:ring-ring/50 disabled:pointer-events-none disabled:border-border disabled:bg-secondary disabled:text-muted-foreground disabled:opacity-45 aria-invalid:border-destructive aria-invalid:ring-destructive/40 [&_svg]:pointer-events-none [&_svg]:shrink-0 [&_svg:not([class*='size-'])]:size-4 border-border bg-secondary text-secondary-foreground not-disabled:hover:border-[color-mix(in_oklab,var(--si-fg)_25%,var(--si-line))] not-disabled:hover:text-foreground h-(--h-sm) gap-1.5 px-3 has-[>svg]:px-2.5",
  "secondary/xs": "inline-flex shrink-0 cursor-pointer items-center justify-center gap-[0.4rem] whitespace-nowrap rounded-ctl border font-ui text-[0.8125rem] font-semibold leading-none no-underline outline-none transition-[border-color,background-color,box-shadow,color] duration-150 focus-visible:ring-[3px] focus-visible:ring-ring/50 disabled:pointer-events-none disabled:border-border disabled:bg-secondary disabled:text-muted-foreground disabled:opacity-45 aria-invalid:border-destructive aria-invalid:ring-destructive/40 [&_svg]:pointer-events-none [&_svg]:shrink-0 [&_svg:not([class*='size-'])]:size-4 border-border bg-secondary text-secondary-foreground not-disabled:hover:border-[color-mix(in_oklab,var(--si-fg)_25%,var(--si-line))] not-disabled:hover:text-foreground h-6 gap-1 px-2 text-[0.75rem] has-[>svg]:px-1.5 [&_svg:not([class*='size-'])]:size-3",
}
`;
